// Jest Snapshot v1, https://goo.gl/fbAQLP

exports[`Testing in AppRouter should be show the loading page and call checkAuthToken 1`] = `
<div>
  <div
    class="container login-container"
  >
    <div
      class="row"
    >
      <div
        class="col-md-6 login-form-1"
      >
        <h3>
          Ingreso
        </h3>
        <form
          aria-label="login-form"
        >
          <div
            class="form-group mb-2"
          >
            <input
              aria-label="loginEmail"
              class="form-control"
              name="loginEmail"
              placeholder="Correo"
              type="text"
              value=""
            />
          </div>
          <div
            class="form-group mb-2"
          >
            <input
              class="form-control"
              data-testid="loginPassword"
              name="loginPassword"
              placeholder="Contraseña"
              type="password"
              value=""
            />
          </div>
          <div
            class="form-group mb-3 text-center"
          >
            <input
              class="btnSubmit"
              type="submit"
              value="Login"
            />
          </div>
        </form>
      </div>
      <div
        class="col-md-6 login-form-2"
      >
        <h3>
          Registro
        </h3>
        <form
          aria-label="register-form"
        >
          <div
            class="form-group mb-2"
          >
            <input
              aria-label="registerName"
              class="form-control"
              name="registerName"
              placeholder="Nombre"
              type="text"
              value=""
            />
          </div>
          <div
            class="form-group mb-2"
          >
            <input
              aria-label="registerEmail"
              class="form-control"
              name="registerEmail"
              placeholder="Correo"
              type="email"
              value=""
            />
          </div>
          <div
            class="form-group mb-2"
          >
            <input
              class="form-control"
              data-testid="registerPassword"
              name="registerPassword"
              placeholder="Contraseña"
              type="password"
              value=""
            />
          </div>
          <div
            class="form-group mb-2"
          >
            <input
              class="form-control"
              data-testid="registerPassword2"
              name="registerPassword2"
              placeholder="Repita la contraseña"
              type="password"
              value=""
            />
          </div>
          <div
            class="form-group mb-3 text-center"
          >
            <input
              class="btnSubmit"
              type="submit"
              value="Crear cuenta"
            />
          </div>
        </form>
      </div>
    </div>
  </div>
</div>
`;
